Info: Start Nativelink Simulation process
Info: NativeLink has detected VHDL design -- VHDL simulation models will be used

========= EDA Simulation Settings =====================

Sim Mode              :  RTL
Family                :  cycloneii
Quartus root          :  /opt/altera/altera7.2/quartus/linux/
Quartus sim root      :  /opt/altera/altera7.2/quartus/eda/sim_lib
Simulation Tool       :  modelsim-altera
Simulation Language   :  vhdl
Version               :  93
Simulation Mode       :  GUI
Sim Output File       :  DE2_TOP.vho
Sim SDF file          :  DE2_TOP__vhdl.sdo
Sim dir               :  simulation/modelsim

=======================================================

Info: Starting NativeLink simulation with ModelSim-Altera software
Sourced NativeLink script /opt/altera/altera7.2/quartus/common/tcl/internal/nativelink/modelsim.tcl
Warning: File DE2_TOP_run_msim_rtl_vhdl.do already exists - backing up current file as DE2_TOP_run_msim_rtl_vhdl.do.bak11
Probing transcript
ModelSim-Altera Info: # do DE2_TOP_run_msim_rtl_vhdl.do 
ModelSim-Altera Info: # if {[file exists rtl_work]} {
ModelSim-Altera Info: # 	vdel -lib rtl_work -all
ModelSim-Altera Info: # }
ModelSim-Altera Info: # vlib rtl_work
ModelSim-Altera Info: # vmap work rtl_work
ModelSim-Altera Info: # Copying /opt/altera/altera7.2/modelsim_ae/linuxaloem/../modelsim.ini to modelsim.ini
ModelSim-Altera Info: # Modifying modelsim.ini
ModelSim-Altera Warning: # ** Warning: Copied /opt/altera/altera7.2/modelsim_ae/linuxaloem/../modelsim.ini to modelsim.ini.
ModelSim-Altera Info: #          Updated modelsim.ini.
ModelSim-Altera Info: # 
ModelSim-Altera Info: # vcom -93 -work work {/home/user2/spring12/asc2171/csee4840/lab1/lab1.vhd}
ModelSim-Altera Info: # Model Technology ModelSim ALTERA vcom 6.1g Compiler 2006.08 Aug 12 2006
ModelSim-Altera Info: # -- Loading package standard
ModelSim-Altera Info: # -- Loading package std_logic_1164
ModelSim-Altera Info: # -- Loading package numeric_std
ModelSim-Altera Info: # -- Compiling entity lab1
ModelSim-Altera Info: # -- Compiling architecture rtl1 of lab1
ModelSim-Altera Info: # vcom -93 -work work {/home/user2/spring12/asc2171/csee4840/lab1/raminfr.vhd}
ModelSim-Altera Info: # Model Technology ModelSim ALTERA vcom 6.1g Compiler 2006.08 Aug 12 2006
ModelSim-Altera Info: # -- Loading package standard
ModelSim-Altera Info: # -- Loading package std_logic_1164
ModelSim-Altera Info: # -- Loading package numeric_std
ModelSim-Altera Info: # -- Compiling entity raminfr
ModelSim-Altera Info: # -- Compiling architecture rtl of raminfr
ModelSim-Altera Info: # vcom -93 -work work {/home/user2/spring12/asc2171/csee4840/lab1/hexdecoder.vhd}
ModelSim-Altera Info: # Model Technology ModelSim ALTERA vcom 6.1g Compiler 2006.08 Aug 12 2006
ModelSim-Altera Info: # -- Loading package standard
ModelSim-Altera Info: # -- Loading package std_logic_1164
ModelSim-Altera Info: # -- Loading package numeric_std
ModelSim-Altera Info: # -- Compiling entity hexdecoder
ModelSim-Altera Info: # -- Compiling architecture rtl2 of hexdecoder
ModelSim-Altera Info: # vcom -93 -work work {/home/user2/spring12/asc2171/csee4840/lab1/ctrl.vhd}
ModelSim-Altera Info: # Model Technology ModelSim ALTERA vcom 6.1g Compiler 2006.08 Aug 12 2006
ModelSim-Altera Info: # -- Loading package standard
ModelSim-Altera Info: # -- Loading package std_logic_1164
ModelSim-Altera Info: # -- Loading package numeric_std
ModelSim-Altera Info: # -- Compiling entity ctrl
ModelSim-Altera Info: # -- Compiling architecture ctrlarch of ctrl
ModelSim-Altera Info: # vcom -93 -work work {/home/user2/spring12/asc2171/csee4840/lab1/DE2_TOP.vhd}
ModelSim-Altera Info: # Model Technology ModelSim ALTERA vcom 6.1g Compiler 2006.08 Aug 12 2006
ModelSim-Altera Info: # -- Loading package standard
ModelSim-Altera Info: # -- Loading package std_logic_1164
ModelSim-Altera Info: # -- Loading package numeric_std
ModelSim-Altera Info: # -- Compiling entity de2_top
ModelSim-Altera Info: # -- Compiling architecture datapath of de2_top
ModelSim-Altera Info: # -- Loading entity lab1
ModelSim-Altera Info: # 
ModelSim-Altera Info: # vcom -93 -work work {/home/user2/spring12/asc2171/csee4840/lab1/DE2_TOP_test.vhd}
ModelSim-Altera Info: # Model Technology ModelSim ALTERA vcom 6.1g Compiler 2006.08 Aug 12 2006
ModelSim-Altera Info: # -- Loading package standard
ModelSim-Altera Info: # -- Loading package std_logic_1164
ModelSim-Altera Info: # -- Loading package numeric_std
ModelSim-Altera Info: # -- Compiling entity de2_top_test
ModelSim-Altera Info: # -- Compiling architecture tb of de2_top_test
ModelSim-Altera Warning: # ** Warning: [4] /home/user2/spring12/asc2171/csee4840/lab1/DE2_TOP_test.vhd(54): (vcom-1207) An abstract literal and an identifier must have a separator between them.
ModelSim-Altera Warning: # ** Warning: [4] /home/user2/spring12/asc2171/csee4840/lab1/DE2_TOP_test.vhd(56): (vcom-1207) An abstract literal and an identifier must have a separator between them.
ModelSim-Altera Warning: # ** Warning: [4] /home/user2/spring12/asc2171/csee4840/lab1/DE2_TOP_test.vhd(58): (vcom-1207) An abstract literal and an identifier must have a separator between them.
ModelSim-Altera Warning: # ** Warning: [4] /home/user2/spring12/asc2171/csee4840/lab1/DE2_TOP_test.vhd(60): (vcom-1207) An abstract literal and an identifier must have a separator between them.
ModelSim-Altera Warning: # ** Warning: [4] /home/user2/spring12/asc2171/csee4840/lab1/DE2_TOP_test.vhd(62): (vcom-1207) An abstract literal and an identifier must have a separator between them.
ModelSim-Altera Warning: # ** Warning: [4] /home/user2/spring12/asc2171/csee4840/lab1/DE2_TOP_test.vhd(64): (vcom-1207) An abstract literal and an identifier must have a separator between them.
ModelSim-Altera Warning: # ** Warning: [4] /home/user2/spring12/asc2171/csee4840/lab1/DE2_TOP_test.vhd(66): (vcom-1207) An abstract literal and an identifier must have a separator between them.
ModelSim-Altera Warning: # ** Warning: [4] /home/user2/spring12/asc2171/csee4840/lab1/DE2_TOP_test.vhd(68): (vcom-1207) An abstract literal and an identifier must have a separator between them.
ModelSim-Altera Warning: # ** Warning: [4] /home/user2/spring12/asc2171/csee4840/lab1/DE2_TOP_test.vhd(70): (vcom-1207) An abstract literal and an identifier must have a separator between them.
ModelSim-Altera Warning: # ** Warning: [4] /home/user2/spring12/asc2171/csee4840/lab1/DE2_TOP_test.vhd(72): (vcom-1207) An abstract literal and an identifier must have a separator between them.
ModelSim-Altera Info: # 
ModelSim-Altera Info: # vsim -t 1ps -L lpm -L altera -L altera_mf -L sgate -L cycloneii -L rtl_work -L work DE2_TOP_test
ModelSim-Altera Info: # vsim -L lpm -L altera -L altera_mf -L sgate -L cycloneii -L rtl_work -L work -t 1ps DE2_TOP_test 
ModelSim-Altera Info: # //  ModelSim ALTERA 6.1g Aug 12 2006 Linux 2.6.18-274.3.1.el5
ModelSim-Altera Info: # //
ModelSim-Altera Info: # //  Copyright 2006 Mentor Graphics Corporation
ModelSim-Altera Info: # //              All Rights Reserved.
ModelSim-Altera Info: # //
ModelSim-Altera Info: # //  THIS WORK CONTAINS TRADE SECRET AND 
ModelSim-Altera Info: # //  PROPRIETARY INFORMATION WHICH IS THE PROPERTY
ModelSim-Altera Info: # //  OF MENTOR GRAPHICS CORPORATION OR ITS LICENSORS
ModelSim-Altera Info: # //  AND IS SUBJECT TO LICENSE TERMS.
ModelSim-Altera Info: # //
ModelSim-Altera Info: # Loading /opt/altera/altera7.2/modelsim_ae/linuxaloem/../std.standard
ModelSim-Altera Info: # Loading /opt/altera/altera7.2/modelsim_ae/linuxaloem/../ieee.std_logic_1164(body)
ModelSim-Altera Info: # Loading /opt/altera/altera7.2/modelsim_ae/linuxaloem/../ieee.numeric_std(body)
ModelSim-Altera Info: # Loading rtl_work.de2_top_test(tb)
ModelSim-Altera Info: # Loading rtl_work.lab1(rtl1)
ModelSim-Altera Info: # Loading rtl_work.ctrl(ctrlarch)
ModelSim-Altera Info: # Loading rtl_work.raminfr(rtl)
ModelSim-Altera Info: # Loading rtl_work.hexdecoder(rtl2)
ModelSim-Altera Info: # 
ModelSim-Altera Info: # add wave *
ModelSim-Altera Info: # view structure
ModelSim-Altera Info: # .main_pane.workspace
ModelSim-Altera Info: # view signals
ModelSim-Altera Info: # .main_pane.signals.interior.cs
ModelSim-Altera Info: # run 1 sec
ModelSim-Altera Warning: # ** Warning: NUMERIC_STD.TO_INTEGER: metavalue detected, returning 0
ModelSim-Altera Info: #    Time: 0 ps  Iteration: 0  Instance: /de2_top_test/i1/raminfrunit
ModelSim-Altera Info: # Break key hit 
ModelSim-Altera Info: # Simulation stop requested.
Info: NativeLink simulation flow was successful
